../Core/Src/main.c:114:5:main	176	static
../Core/Src/main.c:255:6:SystemClock_Config	88	static
../Core/Src/main.c:302:13:MX_ADC1_Init	24	static
../Core/Src/main.c:354:13:MX_I2C1_Init	8	static
../Core/Src/main.c:388:13:MX_SPI1_Init	8	static
../Core/Src/main.c:426:13:MX_USART1_UART_Init	8	static
../Core/Src/main.c:459:13:MX_USART2_UART_Init	8	static
../Core/Src/main.c:490:13:MX_DMA_Init	16	static
../Core/Src/main.c:508:13:MX_GPIO_Init	48	static
../Core/Src/main.c:564:6:PC_UART_RxCpltCallback	16	static
../Core/Src/main.c:592:6:ESP01_UART_RxCpltCallback	32	static
../Core/Src/main.c:624:6:HAL_UART_RxCpltCallback	16	static
../Core/Src/main.c:631:6:ESP01_UART_TxCpltCallback	16	static
../Core/Src/main.c:638:6:PC_UART_TxCpltCallback	16	static
../Core/Src/main.c:645:6:HAL_UART_TxCpltCallback	16	static
../Core/Src/main.c:657:6:Error_Handler	4	static,ignoring_inline_asm
